// Jest Snapshot v1, https://goo.gl/fbAQLP

exports[`Posts component matches snapshot 1`] = `
<DocumentFragment>
  <div
    class="container"
  >
    <div
      class="title"
    >
      Test Title
    </div>
    <div
      class="date"
    >
      February 11, 2024
    </div>
  </div>
</DocumentFragment>
`;
